border_size=1
usage=map

Aa, Aa, Aa, Aa, Aa, Aa, Aa, Aa, Aa, Aa, Aa, Aa, Aa, Aa, Aa, Aa, Aa, Aa, Aa^Fpa, Aa^Fpa, Aa^Fda, Aa^Fpa, Aa^Fda, Aa^Fpa, Aa^Fpa, Aa, Aa, Aa, Kea, Cha, Cha, Aa, Aa, Aa, Aa, Aa, Aa, Aa, Aa, Aa, Aa, Aa, Aa, Aa, Aa, Aa
Aa, Aa, Aa, Aa, Aa, Aa, Aa, Aa, Aa, Wog, Wog, Aa, Aa, Aa^Fpa, Aa, Aa, Aa, Aa, Aa^Fpa, Aa^Fpa, Aa^Fpa, Aa^Fpa, Aa^Fpa, Aa^Fpa, Aa^Fda, Aa^Fpa, Aa, Aa, Cea, Kea, Cha, Aa, Aa^Vla, Aa^Vca, Aa^Vca, Aa^Vca, Ha^Vhha, Aa, Aa, Aa, Kha, Aa, Aa, Aa, Aa, Aa
Aa, Aa, Aa, Aa, Aa, Aa, Aa, Aa, Aa, Wog, Wog, Wog, Aa, Aa, Aa, Aa, Aa, Aa, Aa^Fpa, Aa^Fda, Aa^Fpa, Aa^Fpa, Aa^Fpa, Aa^Fpa, Aa^Fpa, Aa^Fpa, Aa, Aa, Kea, Kea, Cha, Aa, Aa^Vla, Ha^Vhha, Ha^Vhha, Aa^Vca, Aa^Vla, Aa^Vla, Ha^Vhha, Aa, Aa, Aa, Aa, Aa, Aa, Aa
Aa, Aa, Aa, Aa, Aa, Aa, Aa, Aa, Wog, Wog, Wog, Wog, Aa, Aa, Aa, Aa^Fpa, Aa, Aa, Aa^Fpa, Aa^Fpa, Aa^Fpa, Aa^Fda, Aa^Fda, Aa^Fpa, Aa^Fpa, Aa, Aa, Aa, Cea, Kea, Cha, Aa, Aa, Aa, Aa, Aa, Aa, Aa, Aa, Aa, Aa, Aa, Aa, Aa, Aa, Aa
Aa, Aa, Aa, Aa, Aa, Aa, Aa, Wog, Wog, Wog, Wog, Wog, Aa, Aa, Aa, Aa, Aa, Aa, Aa^Fpa, Aa^Fda, Aa^Fpa, Aa^Fda, Aa^Fpa, Aa^Fpa, Aa^Fpa, Aa, Aa, Aa, Kea, Kea, Cha, Cha, Kea, Cha, Cha, Cha, Cha, Cha, Kea, Cha, Cha, Cha, Cea, Cha, Cha, Aa
Aa, Aa, Aa, Aa, Aa, Aa, Wog, Wog, Wog, Wog, Wog, Wog, Aa, Aa, Aa, Aa, Aa, Aa^Fda, Aa^Fpa, Aa^Fpa, Aa^Fpa, Aa^Fpa, Aa^Fpa, Aa^Fda, Aa^Fpa, Aa^Fda, Aa^Fpa, Aa, Aa, Kea, Kea, Kea, Cea, Kea, Cea, Kea, Kea, Kea, Cea, Kea, Kea, Kea, Kea, Kea, Kea, Aa
Aa, Aa, Aa, Aa, Aa, Aa, Wog, Wog, Wog, Wog, Wog, Wog, Wog, Aa, Wog, Aa, Aa^Fpa, Aa, Aa, Aa^Fda, Aa, Aa^Fpa, Aa, Aa^Fpa, Aa^Fda, Aa^Fpa, Aa^Fpa, Aa, Aa^Fpa, Aa, Aa, Aa, Aa, Aa, Aa, Aa, Aa, Aa, Aa^Fpa, Aa, Aa, Aa, Aa^Fpa, Aa, Aa, Aa
Aa, Aa, Aa, Aa, Aa, Wog, Wog, Wog, Wog, Wog, Wog, Wog, Wog, Wog, Wog, Wog, Aa, Aa, Aa^Fpa, Aa, Aa, Aa^Fda, Aa^Fda, Aa^Fda, Aa^Fda, Aa^Fpa, Aa^Fda, Aa^Fpa, Aa^Fpa, Aa^Fda, Aa^Fpa, Aa^Fpa, Aa^Fpa, Aa^Fpa, Aa^Fpa, Aa^Fpa, Aa^Fpa, Aa^Fpa, Aa^Fda, Aa^Fpa, Aa^Fda, Aa^Fpa, Aa^Fpa, Aa^Fpa, Aa^Fpa, Aa
Aa, Aa, Aa, Aa, Aa, Wog, Wog, Wog, Wog, Wog, Wog, Wog, Wog, Wog, Wog, Wog, Aa, Aa, Aa, Aa, Aa, Aa^Fpa, Aa, Aa^Fda, Aa, Aa^Fpa, Aa^Fpa, Aa^Fpa, Aa^Fda, Aa^Fda, Aa^Fda, Aa^Fda, Aa^Fda, Aa^Fda, Aa^Fpa, Aa^Fda, Aa^Fda, Aa^Fpa, Aa^Fpa, Aa^Fpa, Aa^Fpa, Aa^Fpa, Aa^Fpa, Aa^Fpa, Aa^Fda, Aa
Aa, Aa, Aa, Aa, Aa, Aa, Aa, Wog, Wog, Wog, Wog, Wog, Wog, Wog, Wog, Wog, Aa, Aa^Fpa, Aa, Aa, Ha, Aa, Aa, Aa^Fpa, Aa, Aa^Fpa, Aa^Fpa, Aa^Fpa, Aa^Fpa, Aa^Fpa, Aa^Fda, Aa^Fpa, Aa^Fpa, Aa^Fpa, Aa^Fda, Aa^Fpa, Aa^Fpa, Aa^Fpa, Aa^Fpa, Aa^Fda, Aa^Fpa, Aa^Fpa, Aa^Fda, Aa^Fpa, Aa^Fpa, Aa
Aa, Aa, Aa, Aa, Aa, Aa, Aa, Aa, Aa, Wog, Wog, Aa, Wog, Aa, Aa, Wog, Aa, Aa, Aa, Aa, Ha, Ha, Ha, Ha, Ha, Ha, Ha, Ha, Ha, Aa^Fpa, Aa^Fpa, Aa^Fpa, Aa^Fpa, Aa^Fpa, Aa^Fpa, Aa^Fpa, Aa^Fpa, Aa^Fpa, Aa^Fpa, Aa^Fpa, Aa^Fda, Aa^Fpa, Aa^Fpa, Aa^Fpa, Aa^Fpa, Aa
Aa, Aa, Aa, Aa, Aa, Aa, Aa, Aa, Aa, Aa, Aa, Aa, Aa, Aa, Aa, Aa, Ha, Ha, Ha, Ha, Ha, Ha, Ha, Ha, Ha, Ha, Ha, Ha, Ha, Ha, Ha, Ha, Ha, Aa, Aa, Aa, Aa, Aa, Aa, Aa^Fpa, Aa, Aa^Fpa, Aa, Aa, Aa, Aa
Aa, Aa, Aa, Aa, Aa, Aa, Aa, Aa, Aa, Aa, Aa, Aa, Aa, Aa, Ha, Ha, Ha, Ha, Ha, Ha, Ms, Ms, Ms, Ms, Ms, Ms, Ms, Ms, Ms, Ha, Ha, Ha, Ha, Aa, Aa, Aa^Fpa, Aa, Aa, Aa, Aa, Aa, Aa, Aa^Fpa, Aa, Aa, Aa
Aa, Aa, Aa, Aa, Aa, Aa, Aa, Aa, Aa, Aa, Aa, Aa, Aa, Aa, Ha, Ha, Ha, Ha, Ms, Ms, Ms, Ms, Ms, Ms, Ms, Ms, Ms^Xm, Ms, Ms, Ms, Ms, Ha, Ha, Aa, Aa, Aa, Koa, Koa, Aa, Aa, Aa, Aa, Aa, Aa, Aa, Aa
Aa, Aa, Aa, Aa, Aa, Aa, Aa, Aa, Aa, Aa, Aa, Aa, Aa, Aa, Ha, Ha, Ha, Ms, Ms, Ms, Ms^Xm, Ms, Ms^Xm, Ms, Ms^Xm, Ms^Xm, Ms^Xm, Ms^Xm, Ms, Ms, Ms, Ha, Ha, Aa, Koa, Koa, Aa, Aa, Aa, Aa^Fpa, Aa, Aa, Aa, Aa, Aa, Aa
Aa, Aa, Aa, Aa, Aa, Aa, Aa, Aa, Aa, Aa, Aa, Aa, Aa, Aa, Ha, Ha, Ha, Ms, Ms, Ms^Xm, Ms^Xm, Ms^Xm, Ms^Xm, Ms^Xm, Ms^Xm, Ms^Xm, Ms^Xm, Ms^Xm, Ms^Xm, Ms, Ms, Ha, Ha, Koa, Aa, Aa, Aa, Aa, Aa, Aa, Aa, Aa, Aa, Aa, Aa, Aa
Aa, Aa, Aa, Aa, Aa, Aa, Aa, Aa, Aa, Aa, Aa, Aa, Aa, Aa, Ha, Ha, Ha, Ha, Ms, Ms^Xm, Ms^Xm, Ms^Xm, Ms^Xm, Ms^Xm, Ms^Xm, Ms^Xm, Ms^Xm, Ms^Xm, Ms^Xm, Ms, Ms, Ha, Ha, Aa, Aa, Aa, Aa, Aa, Aa, Aa, Aa, Aa, Aa, Aa, Aa, Aa
Aa, Aa, Aa, Aa, Aa, Aa, Aa, Aa, Aa, Aa, Aa, Aa, Aa, Aa, Ha, Ha, Ha, Ms, Ms, Ms^Xm, Ms^Xm, Ms^Xm, Ms^Xm, Ms^Xm, Ms^Xm, Ms^Xm, Ms^Xm, Ms^Xm, Ms^Xm, Ms, Ms, Ha, Ha, Aa, Aa, Aa, Aa, Aa, Aa, Aa, Aa, Aa, Aa, Aa, Aa, Aa
Aa, Aa, Aa, Aa, Aa, Aa, Aa, Aa, Aa, Aa, Aa, Aa, Aa, Aa, Aa, Ha, Ha, Ms, Ms, Ms, Ms, Ms^Xm, Ms^Xm, Ms^Xm, Ms^Xm, Ms^Xm, Ms^Xm, Ms^Xm, Ms^Xm, Ms, Ms, Ha, Ha, Aa, Aa^Voa, Aa^Voa, Aa^Voa, Aa, Aa, Aa, Aa, Aa, Aa, Aa, Aa, Aa
Aa, Aa, Aa, Aa, Aa, Aa, Aa, Aa, Aa, Aa, Aa, Aa, Aa, Aa, Aa, Aa, Ha, Ha, Ha, Ms, Ms, Ms, Ms, Ms^Xm, Ms^Xm, Ms^Xm, Ms^Xm, Ms^Xm, Ms^Xm, Ms, Koa, Ha, Ha, Aa, Aa^Voa, Aa^Voa, Aa^Voa, Aa, Aa, Aa, Aa, Aa, Aa, Aa, Aa, Aa
Aa, Aa, Aa, Aa, Aa, Aa, Aa, Aa, Aa, Aa, Aa, Aa, Aa, Aa, Aa, Aa, Aa, Ha, Ha, Ha, Ha, Ms, Ms, Ms, Koa, Ms^Xm, Ms^Xm, Ms^Xm, Koa, Koa, Koa, Ha, Ha, Aa, Aa, Aa^Voa, Aa, Aa, Aa, Aa, Aa, Aa, Aa, Aa, Aa, Aa
Aa, Aa, Aa, Aa, Aa, Aa, Aa, Aa, Aa, Aa, Aa, Aa, Aa, Aa, Aa, Aa, Aa, Ha, Ha, Ha, Ha, Ha, Ha, Ms, Koa, Koa, Koa, Koa, Koa, Koa, Ha, Ha, Ha, Aa, Aa, Aa, Aa, Aa, Aa, Aa, Aa, Aa, Aa, Aa, Aa, Aa
Aa, Aa, Aa, Aa, Aa, Aa, Aa, Aa, Aa, Aa, Aa, Aa, Aa, Aa, Aa, Aa, Aa, Aa, Aa, Ha, Ha, Ha, Ha, Ha, Ha, Koa, Koa, Koa, Ha, Ha, Ha, Ha, Ha, Aa, Aa, Aa, Aa, Aa, Aa, Aa, Aa, Aa, Aa, Aa, Aa, Aa
Aa, Aa, Aa, Aa, Aa, Aa, Aa, Aa, Aa, Aa, Aa, Aa, Aa, Aa, Aa, Aa, Aa, Aa, Aa, Aa, Aa, Ha, Ha, Ha, Ha, Ha, Ha, Ha, Ha, Ha, Ha, Ha, Ha, Aa, Aa, Aa, Aa, Aa, Aa, Aa, Aa, Aa, Aa, Aa, Aa, Aa
Aa, Aa, Aa, Aa, Aa, Aa, Aa, Aa, Aa, Aa, Aa, Aa, Aa, Aa, Aa, Aa, Aa, Aa, Aa, Aa, Aa, Aa, Aa, Aa, Aa, Ha, Ha, Ha, Ha, Ha, Ha, Ha, Aa, Aa, Aa, Aa, Aa, Aa, Aa, Aa, Aa, Aa, Aa, Aa, Aa, Aa
Aa, Aa, Aa, Aa, Aa, Aa, Aa, Aa, Aa, Aa, Aa, Aa, Aa, Aa, Aa, Aa, Aa, Aa, Aa, Aa, Aa, Aa, Aa, Aa, Aa, Aa, Aa, Aa, Aa, Aa, Aa, Aa, Aa, Aa, Aa, Aa, Aa, Aa, Aa, Aa, Aa, Aa, Aa, Aa, Aa, Aa
Aa, Aa, Aa, Aa, Aa, Aa, Aa, Aa, Aa, Aa, Aa, Aa, Aa, Aa, Aa, Aa, Aa, Aa, Aa, Aa, Aa, Aa, Aa, Aa, Aa, Aa, Aa, Aa, Aa, Aa, Aa, Aa, Aa, Aa, Aa, Aa, Aa, Aa, Aa, Aa, Aa, Aa, Aa, Aa, Aa, Aa
Aa, Aa, Aa, Aa, Aa, Aa, Aa, Aa, Aa, Aa, Aa, Aa, Aa, Aa, Aa, Aa, Aa, Aa, Aa, Aa, Aa, Aa, Aa, Aa, Aa, Aa, Aa, Aa, Aa, Aa, Aa, Aa, Aa, Aa, Aa, Aa, Aa, Aa, Aa, Aa, Aa, Aa, Aa, Aa, Aa, Aa
Aa, Aa, Aa, Aa, Aa, Aa, Aa, Aa, Aa, Aa, Aa, Aa, Aa, Aa, Aa, Aa, Aa, Aa, Aa, Aa, Aa, Aa, Aa, Aa, Aa, Aa, Aa, Aa, Aa, Aa, Aa, Aa, Aa, Aa, Aa, Aa, Aa, Aa, Aa, Aa, Aa, Aa, Aa, Aa, Aa, Aa
Aa, Aa, Aa, Aa, Aa, Aa, Aa, Aa, Aa, Aa, Aa, Aa, Aa, Aa, Aa, Aa, Aa, Aa, Aa, Aa, Aa, Aa, Aa, Aa, Aa, Aa, Aa, Aa, Aa, Aa, Aa, Aa, Aa, Aa, Aa, Aa, Aa, Aa, Aa, Aa, Aa, Aa, Aa, Aa, Aa, Aa
Aa, Aa, Aa, Aa, Aa, Aa, Aa, Aa, Aa, Aa, Aa, Aa, Aa, Aa, Aa, Aa, Aa, Aa, Aa, Aa, Aa, Aa, Aa, Aa, Aa, Aa, Aa, Aa, Aa, Aa, Aa, Aa, Aa, Aa, Aa, Aa, Aa, Aa, Aa, Aa, Aa, Aa, Aa, Aa, Aa, Aa
Aa, Aa, Aa, Aa, Aa, Aa, Aa, Aa, Aa, Aa, Aa, Aa, Aa, Aa, Aa, Aa, Aa, Aa, Aa, Aa, Aa, Aa, Aa, Aa, Aa, Aa, Aa, Aa, Aa, Aa, Aa, Aa, Aa, Aa, Aa, Aa, Aa, Aa, Aa, Aa, Aa, Aa, Aa, Aa, Aa, Aa
Aa, Aa, Aa, Aa, Aa, Aa, Aa, Aa, Aa, Aa, Aa, Aa, Aa, Aa, Aa, Aa, Aa, Aa, Aa, Aa, Aa, Aa, Aa, Aa, Aa, Aa, Aa, Aa, Aa, Aa, Aa, Aa, Aa, Aa, Aa, Aa, Aa, Aa, Aa, Aa, Aa, Aa, Aa, Aa, Aa, Aa
Aa, Aa, Aa, Aa, Aa, Aa, Aa, Aa, Aa, Aa, Aa, Aa, Aa, Aa, Aa, Aa, Aa, Aa, Aa, Aa, Aa, Aa, Aa, Aa, Aa, Aa, Aa, Aa, Aa, Aa, Aa, Aa, Aa, Aa, Aa, Aa, Aa, Aa, Aa, Aa, Aa, Aa, Aa, Aa, Aa, Aa
Aa, Aa, Aa, Aa, Aa, Aa, Aa, Aa, Aa, Aa, Aa, Aa, Aa, Aa, Aa, Aa, Aa, Aa, Aa, Aa, Aa, Aa, Aa, Aa, Aa, Aa, Aa, Aa, Aa, Aa, Aa, Aa, Aa, Aa, Aa, Aa, Aa, Aa, Aa, Aa, Aa, Aa, Aa, Aa, Aa, Aa
